2026-03-25 08:01:42 | INFO     | app.main:lifespan:19 - 🚀 Order Management Service starting up...
2026-03-25 08:01:42 | INFO     | app.database.firebase_config:initialize_firebase:29 - Firebase initialized with application default credentials.
2026-03-25 08:01:54 | ERROR    | app.database.firebase_config:initialize_firebase:36 - Failed to initialize Firebase: Your default credentials were not found. To set up Application Default Credentials, see https://cloud.google.com/docs/authentication/external/set-up-adc for more information.
2026-03-25 08:01:54 | ERROR    | app.main:lifespan:24 - ❌ Firebase initialization failed: Firebase initialization failed: Your default credentials were not found. To set up Application Default Credentials, see https://cloud.google.com/docs/authentication/external/set-up-adc for more information.
2026-03-25 08:09:41 | INFO     | app.main:lifespan:19 - 🚀 Order Management Service starting up...
2026-03-25 08:09:41 | INFO     | app.database.firebase_config:initialize_firebase:29 - Firebase initialized with application default credentials.
2026-03-25 08:09:53 | ERROR    | app.database.firebase_config:initialize_firebase:36 - Failed to initialize Firebase: Your default credentials were not found. To set up Application Default Credentials, see https://cloud.google.com/docs/authentication/external/set-up-adc for more information.
2026-03-25 08:09:53 | ERROR    | app.main:lifespan:24 - ❌ Firebase initialization failed: Firebase initialization failed: Your default credentials were not found. To set up Application Default Credentials, see https://cloud.google.com/docs/authentication/external/set-up-adc for more information.
2026-03-25 08:10:55 | ERROR    | app.database.firebase_config:initialize_firebase:36 - Failed to initialize Firebase: Your default credentials were not found. To set up Application Default Credentials, see https://cloud.google.com/docs/authentication/external/set-up-adc for more information.
2026-03-25 08:10:55 | ERROR    | app.utils.logger:log_error:35 - ERROR | context=get_all_orders | error=Firebase initialization failed: Your default credentials were not found. To set up Application Default Credentials, see https://cloud.google.com/docs/authentication/external/set-up-adc for more information.
2026-03-25 08:11:07 | ERROR    | app.database.firebase_config:initialize_firebase:36 - Failed to initialize Firebase: Your default credentials were not found. To set up Application Default Credentials, see https://cloud.google.com/docs/authentication/external/set-up-adc for more information.
2026-03-25 08:11:07 | ERROR    | app.utils.logger:log_error:35 - ERROR | context=get_all_orders | error=Firebase initialization failed: Your default credentials were not found. To set up Application Default Credentials, see https://cloud.google.com/docs/authentication/external/set-up-adc for more information.
2026-03-25 08:11:19 | ERROR    | app.database.firebase_config:initialize_firebase:36 - Failed to initialize Firebase: Your default credentials were not found. To set up Application Default Credentials, see https://cloud.google.com/docs/authentication/external/set-up-adc for more information.
2026-03-25 08:11:19 | ERROR    | app.utils.logger:log_error:35 - ERROR | context=get_all_orders | error=Firebase initialization failed: Your default credentials were not found. To set up Application Default Credentials, see https://cloud.google.com/docs/authentication/external/set-up-adc for more information.
2026-03-25 08:11:31 | ERROR    | app.database.firebase_config:initialize_firebase:36 - Failed to initialize Firebase: Your default credentials were not found. To set up Application Default Credentials, see https://cloud.google.com/docs/authentication/external/set-up-adc for more information.
2026-03-25 08:11:31 | ERROR    | app.utils.logger:log_error:35 - ERROR | context=get_all_orders | error=Firebase initialization failed: Your default credentials were not found. To set up Application Default Credentials, see https://cloud.google.com/docs/authentication/external/set-up-adc for more information.
2026-03-25 08:11:43 | ERROR    | app.database.firebase_config:initialize_firebase:36 - Failed to initialize Firebase: Your default credentials were not found. To set up Application Default Credentials, see https://cloud.google.com/docs/authentication/external/set-up-adc for more information.
2026-03-25 08:11:43 | ERROR    | app.utils.logger:log_error:35 - ERROR | context=get_all_orders | error=Firebase initialization failed: Your default credentials were not found. To set up Application Default Credentials, see https://cloud.google.com/docs/authentication/external/set-up-adc for more information.
2026-03-25 08:11:55 | ERROR    | app.database.firebase_config:initialize_firebase:36 - Failed to initialize Firebase: Your default credentials were not found. To set up Application Default Credentials, see https://cloud.google.com/docs/authentication/external/set-up-adc for more information.
2026-03-25 08:11:55 | ERROR    | app.utils.logger:log_error:35 - ERROR | context=get_all_orders | error=Firebase initialization failed: Your default credentials were not found. To set up Application Default Credentials, see https://cloud.google.com/docs/authentication/external/set-up-adc for more information.
2026-03-25 08:35:04 | ERROR    | app.database.firebase_config:initialize_firebase:36 - Failed to initialize Firebase: Your default credentials were not found. To set up Application Default Credentials, see https://cloud.google.com/docs/authentication/external/set-up-adc for more information.
2026-03-25 08:35:04 | ERROR    | app.utils.logger:log_error:35 - ERROR | context=get_all_orders | error=Firebase initialization failed: Your default credentials were not found. To set up Application Default Credentials, see https://cloud.google.com/docs/authentication/external/set-up-adc for more information.
2026-03-25 08:35:16 | ERROR    | app.database.firebase_config:initialize_firebase:36 - Failed to initialize Firebase: Your default credentials were not found. To set up Application Default Credentials, see https://cloud.google.com/docs/authentication/external/set-up-adc for more information.
2026-03-25 08:35:16 | ERROR    | app.utils.logger:log_error:35 - ERROR | context=get_all_orders | error=Firebase initialization failed: Your default credentials were not found. To set up Application Default Credentials, see https://cloud.google.com/docs/authentication/external/set-up-adc for more information.
2026-03-25 08:35:28 | ERROR    | app.database.firebase_config:initialize_firebase:36 - Failed to initialize Firebase: Your default credentials were not found. To set up Application Default Credentials, see https://cloud.google.com/docs/authentication/external/set-up-adc for more information.
2026-03-25 08:35:28 | ERROR    | app.utils.logger:log_error:35 - ERROR | context=get_all_orders | error=Firebase initialization failed: Your default credentials were not found. To set up Application Default Credentials, see https://cloud.google.com/docs/authentication/external/set-up-adc for more information.
2026-03-25 08:35:40 | ERROR    | app.database.firebase_config:initialize_firebase:36 - Failed to initialize Firebase: Your default credentials were not found. To set up Application Default Credentials, see https://cloud.google.com/docs/authentication/external/set-up-adc for more information.
2026-03-25 08:35:40 | ERROR    | app.utils.logger:log_error:35 - ERROR | context=get_all_orders | error=Firebase initialization failed: Your default credentials were not found. To set up Application Default Credentials, see https://cloud.google.com/docs/authentication/external/set-up-adc for more information.
2026-03-25 08:35:53 | ERROR    | app.database.firebase_config:initialize_firebase:36 - Failed to initialize Firebase: Your default credentials were not found. To set up Application Default Credentials, see https://cloud.google.com/docs/authentication/external/set-up-adc for more information.
2026-03-25 08:35:53 | ERROR    | app.utils.logger:log_error:35 - ERROR | context=get_all_orders | error=Firebase initialization failed: Your default credentials were not found. To set up Application Default Credentials, see https://cloud.google.com/docs/authentication/external/set-up-adc for more information.
2026-03-25 08:36:05 | ERROR    | app.database.firebase_config:initialize_firebase:36 - Failed to initialize Firebase: Your default credentials were not found. To set up Application Default Credentials, see https://cloud.google.com/docs/authentication/external/set-up-adc for more information.
2026-03-25 08:36:05 | ERROR    | app.utils.logger:log_error:35 - ERROR | context=get_all_orders | error=Firebase initialization failed: Your default credentials were not found. To set up Application Default Credentials, see https://cloud.google.com/docs/authentication/external/set-up-adc for more information.
2026-03-25 08:36:17 | ERROR    | app.database.firebase_config:initialize_firebase:36 - Failed to initialize Firebase: Your default credentials were not found. To set up Application Default Credentials, see https://cloud.google.com/docs/authentication/external/set-up-adc for more information.
2026-03-25 08:36:17 | ERROR    | app.utils.logger:log_error:35 - ERROR | context=get_all_orders | error=Firebase initialization failed: Your default credentials were not found. To set up Application Default Credentials, see https://cloud.google.com/docs/authentication/external/set-up-adc for more information.
2026-03-25 08:36:29 | ERROR    | app.database.firebase_config:initialize_firebase:36 - Failed to initialize Firebase: Your default credentials were not found. To set up Application Default Credentials, see https://cloud.google.com/docs/authentication/external/set-up-adc for more information.
2026-03-25 08:36:29 | ERROR    | app.utils.logger:log_error:35 - ERROR | context=get_all_orders | error=Firebase initialization failed: Your default credentials were not found. To set up Application Default Credentials, see https://cloud.google.com/docs/authentication/external/set-up-adc for more information.
2026-03-25 10:30:16 | ERROR    | app.database.firebase_config:initialize_firebase:36 - Failed to initialize Firebase: Your default credentials were not found. To set up Application Default Credentials, see https://cloud.google.com/docs/authentication/external/set-up-adc for more information.
2026-03-25 10:30:16 | ERROR    | app.utils.logger:log_error:35 - ERROR | context=get_all_orders | error=Firebase initialization failed: Your default credentials were not found. To set up Application Default Credentials, see https://cloud.google.com/docs/authentication/external/set-up-adc for more information.
2026-03-25 10:30:28 | ERROR    | app.database.firebase_config:initialize_firebase:36 - Failed to initialize Firebase: Your default credentials were not found. To set up Application Default Credentials, see https://cloud.google.com/docs/authentication/external/set-up-adc for more information.
2026-03-25 10:30:28 | ERROR    | app.utils.logger:log_error:35 - ERROR | context=get_all_orders | error=Firebase initialization failed: Your default credentials were not found. To set up Application Default Credentials, see https://cloud.google.com/docs/authentication/external/set-up-adc for more information.
2026-03-25 10:31:05 | ERROR    | app.database.firebase_config:initialize_firebase:36 - Failed to initialize Firebase: Your default credentials were not found. To set up Application Default Credentials, see https://cloud.google.com/docs/authentication/external/set-up-adc for more information.
2026-03-25 10:31:05 | ERROR    | app.utils.logger:log_error:35 - ERROR | context=get_all_orders | error=Firebase initialization failed: Your default credentials were not found. To set up Application Default Credentials, see https://cloud.google.com/docs/authentication/external/set-up-adc for more information.
2026-03-25 10:31:17 | ERROR    | app.database.firebase_config:initialize_firebase:36 - Failed to initialize Firebase: Your default credentials were not found. To set up Application Default Credentials, see https://cloud.google.com/docs/authentication/external/set-up-adc for more information.
2026-03-25 10:31:17 | ERROR    | app.utils.logger:log_error:35 - ERROR | context=get_all_orders | error=Firebase initialization failed: Your default credentials were not found. To set up Application Default Credentials, see https://cloud.google.com/docs/authentication/external/set-up-adc for more information.
2026-03-25 11:09:34 | INFO     | app.main:lifespan:19 - 🚀 Order Management Service starting up...
2026-03-25 11:09:34 | INFO     | app.database.firebase_config:initialize_firebase:29 - Firebase initialized with application default credentials.
2026-03-25 11:09:46 | ERROR    | app.database.firebase_config:initialize_firebase:36 - Failed to initialize Firebase: Your default credentials were not found. To set up Application Default Credentials, see https://cloud.google.com/docs/authentication/external/set-up-adc for more information.
2026-03-25 11:09:46 | ERROR    | app.main:lifespan:24 - ❌ Firebase initialization failed: Firebase initialization failed: Your default credentials were not found. To set up Application Default Credentials, see https://cloud.google.com/docs/authentication/external/set-up-adc for more information.
2026-03-25 11:10:46 | INFO     | app.main:lifespan:26 - 🛑 Order Management Service shutting down...
2026-03-25 11:10:49 | INFO     | app.main:lifespan:19 - 🚀 Order Management Service starting up...
2026-03-25 11:10:49 | INFO     | app.database.firebase_config:initialize_firebase:25 - Firebase initialized with service account file.
2026-03-25 11:10:49 | INFO     | app.database.firebase_config:initialize_firebase:32 - Firestore client created successfully.
2026-03-25 11:10:49 | INFO     | app.main:lifespan:22 - ✅ Firebase initialized
2026-03-25 11:11:01 | ERROR    | app.database.firebase_config:initialize_firebase:36 - Failed to initialize Firebase: Your default credentials were not found. To set up Application Default Credentials, see https://cloud.google.com/docs/authentication/external/set-up-adc for more information.
2026-03-25 11:11:01 | ERROR    | app.utils.logger:log_error:35 - ERROR | context=get_all_orders | error=Firebase initialization failed: Your default credentials were not found. To set up Application Default Credentials, see https://cloud.google.com/docs/authentication/external/set-up-adc for more information.
2026-03-25 11:11:13 | ERROR    | app.database.firebase_config:initialize_firebase:36 - Failed to initialize Firebase: Your default credentials were not found. To set up Application Default Credentials, see https://cloud.google.com/docs/authentication/external/set-up-adc for more information.
2026-03-25 11:11:13 | ERROR    | app.utils.logger:log_error:35 - ERROR | context=get_all_orders | error=Firebase initialization failed: Your default credentials were not found. To set up Application Default Credentials, see https://cloud.google.com/docs/authentication/external/set-up-adc for more information.
2026-03-25 11:12:03 | ERROR    | app.database.firebase_config:initialize_firebase:36 - Failed to initialize Firebase: Your default credentials were not found. To set up Application Default Credentials, see https://cloud.google.com/docs/authentication/external/set-up-adc for more information.
2026-03-25 11:12:03 | ERROR    | app.utils.logger:log_error:35 - ERROR | context=create_order | error=Firebase initialization failed: Your default credentials were not found. To set up Application Default Credentials, see https://cloud.google.com/docs/authentication/external/set-up-adc for more information.
2026-03-25 11:15:47 | INFO     | app.main:lifespan:26 - 🛑 Order Management Service shutting down...
2026-03-25 11:15:48 | INFO     | app.main:lifespan:19 - 🚀 Order Management Service starting up...
2026-03-25 11:15:48 | INFO     | app.database.firebase_config:initialize_firebase:26 - Firebase initialized with service account file: C:\Users\rocky\Desktop\Order Management Service\order-service\order-management-service-ca07e-8be1f0e2bcb4.json
2026-03-25 11:15:48 | INFO     | app.database.firebase_config:initialize_firebase:35 - Firestore client created successfully.
2026-03-25 11:15:48 | INFO     | app.main:lifespan:22 - ✅ Firebase initialized
2026-03-25 11:19:59 | ERROR    | app.database.firebase_config:initialize_firebase:36 - Failed to initialize Firebase: Your default credentials were not found. To set up Application Default Credentials, see https://cloud.google.com/docs/authentication/external/set-up-adc for more information.
2026-03-25 11:19:59 | ERROR    | app.utils.logger:log_error:35 - ERROR | context=create_order | error=Firebase initialization failed: Your default credentials were not found. To set up Application Default Credentials, see https://cloud.google.com/docs/authentication/external/set-up-adc for more information.
2026-03-25 11:20:29 | ERROR    | app.database.firebase_config:initialize_firebase:36 - Failed to initialize Firebase: Your default credentials were not found. To set up Application Default Credentials, see https://cloud.google.com/docs/authentication/external/set-up-adc for more information.
2026-03-25 11:20:29 | ERROR    | app.utils.logger:log_error:35 - ERROR | context=create_order | error=Firebase initialization failed: Your default credentials were not found. To set up Application Default Credentials, see https://cloud.google.com/docs/authentication/external/set-up-adc for more information.
2026-03-25 12:24:27 | ERROR    | app.database.firebase_config:initialize_firebase:36 - Failed to initialize Firebase: Your default credentials were not found. To set up Application Default Credentials, see https://cloud.google.com/docs/authentication/external/set-up-adc for more information.
2026-03-25 12:24:27 | ERROR    | app.utils.logger:log_error:35 - ERROR | context=create_order | error=Firebase initialization failed: Your default credentials were not found. To set up Application Default Credentials, see https://cloud.google.com/docs/authentication/external/set-up-adc for more information.
2026-03-25 12:56:36 | ERROR    | app.database.firebase_config:initialize_firebase:36 - Failed to initialize Firebase: Your default credentials were not found. To set up Application Default Credentials, see https://cloud.google.com/docs/authentication/external/set-up-adc for more information.
2026-03-25 12:56:36 | ERROR    | app.utils.logger:log_error:35 - ERROR | context=get_all_orders | error=Firebase initialization failed: Your default credentials were not found. To set up Application Default Credentials, see https://cloud.google.com/docs/authentication/external/set-up-adc for more information.
2026-03-25 12:56:48 | ERROR    | app.database.firebase_config:initialize_firebase:36 - Failed to initialize Firebase: Your default credentials were not found. To set up Application Default Credentials, see https://cloud.google.com/docs/authentication/external/set-up-adc for more information.
2026-03-25 12:56:48 | ERROR    | app.utils.logger:log_error:35 - ERROR | context=get_all_orders | error=Firebase initialization failed: Your default credentials were not found. To set up Application Default Credentials, see https://cloud.google.com/docs/authentication/external/set-up-adc for more information.
2026-03-25 12:57:05 | ERROR    | app.database.firebase_config:initialize_firebase:36 - Failed to initialize Firebase: Your default credentials were not found. To set up Application Default Credentials, see https://cloud.google.com/docs/authentication/external/set-up-adc for more information.
2026-03-25 12:57:05 | ERROR    | app.utils.logger:log_error:35 - ERROR | context=create_order | error=Firebase initialization failed: Your default credentials were not found. To set up Application Default Credentials, see https://cloud.google.com/docs/authentication/external/set-up-adc for more information.
2026-03-25 12:57:21 | ERROR    | app.database.firebase_config:initialize_firebase:36 - Failed to initialize Firebase: Your default credentials were not found. To set up Application Default Credentials, see https://cloud.google.com/docs/authentication/external/set-up-adc for more information.
2026-03-25 12:57:21 | ERROR    | app.utils.logger:log_error:35 - ERROR | context=create_order | error=Firebase initialization failed: Your default credentials were not found. To set up Application Default Credentials, see https://cloud.google.com/docs/authentication/external/set-up-adc for more information.
2026-03-25 12:57:45 | ERROR    | app.database.firebase_config:initialize_firebase:36 - Failed to initialize Firebase: Your default credentials were not found. To set up Application Default Credentials, see https://cloud.google.com/docs/authentication/external/set-up-adc for more information.
2026-03-25 12:57:45 | ERROR    | app.utils.logger:log_error:35 - ERROR | context=create_order | error=Firebase initialization failed: Your default credentials were not found. To set up Application Default Credentials, see https://cloud.google.com/docs/authentication/external/set-up-adc for more information.
2026-03-25 13:09:06 | INFO     | app.main:lifespan:26 - 🛑 Order Management Service shutting down...
2026-03-25 13:09:07 | INFO     | app.main:lifespan:19 - 🚀 Order Management Service starting up...
2026-03-25 13:09:07 | INFO     | app.database.firebase_config:initialize_firebase:28 - Firebase initialized with service account file: C:\Users\rocky\Desktop\Order Management Service\order-service\order-management-service-ca07e-8be1f0e2bcb4.json
2026-03-25 13:09:07 | INFO     | app.database.firebase_config:initialize_firebase:37 - Firestore client created successfully.
2026-03-25 13:09:07 | INFO     | app.main:lifespan:22 - ✅ Firebase initialized
2026-03-25 13:09:08 | INFO     | app.main:lifespan:19 - 🚀 Order Management Service starting up...
2026-03-25 13:09:08 | INFO     | app.database.firebase_config:initialize_firebase:28 - Firebase initialized with service account file: C:\Users\rocky\Desktop\Order Management Service\order-service\order-management-service-ca07e-8be1f0e2bcb4.json
2026-03-25 13:09:08 | INFO     | app.database.firebase_config:initialize_firebase:37 - Firestore client created successfully.
2026-03-25 13:09:08 | INFO     | app.main:lifespan:22 - ✅ Firebase initialized
2026-03-25 13:09:37 | ERROR    | app.database.firebase_config:initialize_firebase:36 - Failed to initialize Firebase: Your default credentials were not found. To set up Application Default Credentials, see https://cloud.google.com/docs/authentication/external/set-up-adc for more information.
2026-03-25 13:09:37 | ERROR    | app.utils.logger:log_error:35 - ERROR | context=create_order | error=Firebase initialization failed: Your default credentials were not found. To set up Application Default Credentials, see https://cloud.google.com/docs/authentication/external/set-up-adc for more information.
2026-03-25 13:09:49 | ERROR    | app.database.firebase_config:initialize_firebase:36 - Failed to initialize Firebase: Your default credentials were not found. To set up Application Default Credentials, see https://cloud.google.com/docs/authentication/external/set-up-adc for more information.
2026-03-25 13:09:49 | ERROR    | app.utils.logger:log_error:35 - ERROR | context=create_order | error=Firebase initialization failed: Your default credentials were not found. To set up Application Default Credentials, see https://cloud.google.com/docs/authentication/external/set-up-adc for more information.
2026-03-25 13:10:16 | ERROR    | app.database.firebase_config:initialize_firebase:36 - Failed to initialize Firebase: Your default credentials were not found. To set up Application Default Credentials, see https://cloud.google.com/docs/authentication/external/set-up-adc for more information.
2026-03-25 13:10:16 | ERROR    | app.utils.logger:log_error:35 - ERROR | context=create_order | error=Firebase initialization failed: Your default credentials were not found. To set up Application Default Credentials, see https://cloud.google.com/docs/authentication/external/set-up-adc for more information.
2026-03-25 13:10:28 | ERROR    | app.database.firebase_config:initialize_firebase:36 - Failed to initialize Firebase: Your default credentials were not found. To set up Application Default Credentials, see https://cloud.google.com/docs/authentication/external/set-up-adc for more information.
2026-03-25 13:10:28 | ERROR    | app.utils.logger:log_error:35 - ERROR | context=get_all_orders | error=Firebase initialization failed: Your default credentials were not found. To set up Application Default Credentials, see https://cloud.google.com/docs/authentication/external/set-up-adc for more information.
2026-03-25 13:24:10 | INFO     | app.main:lifespan:26 - 🛑 Order Management Service shutting down...
2026-03-25 13:24:12 | INFO     | app.main:lifespan:22 - 🚀 Order Management Service starting up...
2026-03-25 13:24:12 | INFO     | app.database.firebase_config:initialize_firebase:28 - Firebase initialized with service account file: C:\Users\rocky\Desktop\Order Management Service\order-service\order-management-service-ca07e-8be1f0e2bcb4.json
2026-03-25 13:24:12 | INFO     | app.database.firebase_config:initialize_firebase:37 - Firestore client created successfully.
2026-03-25 13:24:12 | INFO     | app.main:lifespan:25 - ✅ Firebase initialized
2026-03-25 13:24:13 | INFO     | app.main:lifespan:22 - 🚀 Order Management Service starting up...
2026-03-25 13:24:13 | INFO     | app.database.firebase_config:initialize_firebase:28 - Firebase initialized with service account file: C:\Users\rocky\Desktop\Order Management Service\order-service\order-management-service-ca07e-8be1f0e2bcb4.json
2026-03-25 13:24:13 | INFO     | app.database.firebase_config:initialize_firebase:37 - Firestore client created successfully.
2026-03-25 13:24:13 | INFO     | app.main:lifespan:25 - ✅ Firebase initialized
2026-03-25 13:26:30 | ERROR    | app.database.firebase_config:initialize_firebase:36 - Failed to initialize Firebase: Your default credentials were not found. To set up Application Default Credentials, see https://cloud.google.com/docs/authentication/external/set-up-adc for more information.
2026-03-25 13:26:30 | ERROR    | app.utils.logger:log_error:35 - ERROR | context=create_order | error=Firebase initialization failed: Your default credentials were not found. To set up Application Default Credentials, see https://cloud.google.com/docs/authentication/external/set-up-adc for more information.
2026-03-25 13:29:25 | INFO     | app.main:lifespan:29 - 🛑 Order Management Service shutting down...
2026-03-25 13:29:30 | INFO     | app.main:lifespan:22 - 🚀 Order Management Service starting up...
2026-03-25 13:29:30 | INFO     | app.database.firebase_config:initialize_firebase:28 - Firebase initialized with service account file: C:\Users\rocky\Desktop\Order Management Service\order-service\order-management-service-ca07e-8be1f0e2bcb4.json
2026-03-25 13:29:30 | INFO     | app.database.firebase_config:initialize_firebase:37 - Firestore client created successfully.
2026-03-25 13:29:30 | INFO     | app.main:lifespan:25 - ✅ Firebase initialized
2026-03-25 13:29:58 | ERROR    | app.database.firebase_config:initialize_firebase:36 - Failed to initialize Firebase: Your default credentials were not found. To set up Application Default Credentials, see https://cloud.google.com/docs/authentication/external/set-up-adc for more information.
2026-03-25 13:29:58 | ERROR    | app.utils.logger:log_error:35 - ERROR | context=get_all_orders | error=Firebase initialization failed: Your default credentials were not found. To set up Application Default Credentials, see https://cloud.google.com/docs/authentication/external/set-up-adc for more information.
2026-03-25 13:30:10 | ERROR    | app.database.firebase_config:initialize_firebase:36 - Failed to initialize Firebase: Your default credentials were not found. To set up Application Default Credentials, see https://cloud.google.com/docs/authentication/external/set-up-adc for more information.
2026-03-25 13:30:10 | ERROR    | app.utils.logger:log_error:35 - ERROR | context=get_all_orders | error=Firebase initialization failed: Your default credentials were not found. To set up Application Default Credentials, see https://cloud.google.com/docs/authentication/external/set-up-adc for more information.
2026-03-25 13:36:06 | ERROR    | app.database.firebase_config:initialize_firebase:36 - Failed to initialize Firebase: Your default credentials were not found. To set up Application Default Credentials, see https://cloud.google.com/docs/authentication/external/set-up-adc for more information.
2026-03-25 13:36:06 | ERROR    | app.utils.logger:log_error:35 - ERROR | context=get_all_orders | error=Firebase initialization failed: Your default credentials were not found. To set up Application Default Credentials, see https://cloud.google.com/docs/authentication/external/set-up-adc for more information.
2026-03-25 13:40:34 | ERROR    | app.database.firebase_config:initialize_firebase:36 - Failed to initialize Firebase: Your default credentials were not found. To set up Application Default Credentials, see https://cloud.google.com/docs/authentication/external/set-up-adc for more information.
2026-03-25 13:40:34 | ERROR    | app.utils.logger:log_error:35 - ERROR | context=get_all_orders | error=Firebase initialization failed: Your default credentials were not found. To set up Application Default Credentials, see https://cloud.google.com/docs/authentication/external/set-up-adc for more information.
2026-03-25 13:42:58 | INFO     | app.main:lifespan:29 - 🛑 Order Management Service shutting down...
2026-03-25 13:42:59 | INFO     | app.main:lifespan:22 - 🚀 Order Management Service starting up...
2026-03-25 13:42:59 | INFO     | app.database.firebase_config:initialize_firebase:36 - Using Firebase key: C:\Users\rocky\Desktop\Order Management Service\order-service\order-management-service-646ee-firebase-adminsdk-fbsvc-ae60dcf96e.json
2026-03-25 13:42:59 | INFO     | app.database.firebase_config:initialize_firebase:42 - Firestore client created successfully.
2026-03-25 13:42:59 | INFO     | app.main:lifespan:25 - ✅ Firebase initialized
2026-03-25 13:43:04 | INFO     | app.main:lifespan:29 - 🛑 Order Management Service shutting down...
2026-03-25 13:43:07 | INFO     | app.main:lifespan:22 - 🚀 Order Management Service starting up...
2026-03-25 13:43:07 | INFO     | app.database.firebase_config:initialize_firebase:36 - Using Firebase key: C:\Users\rocky\Desktop\Order Management Service\order-service\order-management-service-646ee-firebase-adminsdk-fbsvc-ae60dcf96e.json
2026-03-25 13:43:07 | INFO     | app.database.firebase_config:initialize_firebase:42 - Firestore client created successfully.
2026-03-25 13:43:07 | INFO     | app.main:lifespan:25 - ✅ Firebase initialized
2026-03-25 13:44:13 | ERROR    | app.database.firebase_config:initialize_firebase:36 - Failed to initialize Firebase: Your default credentials were not found. To set up Application Default Credentials, see https://cloud.google.com/docs/authentication/external/set-up-adc for more information.
2026-03-25 13:44:13 | ERROR    | app.utils.logger:log_error:35 - ERROR | context=create_order | error=Firebase initialization failed: Your default credentials were not found. To set up Application Default Credentials, see https://cloud.google.com/docs/authentication/external/set-up-adc for more information.
2026-03-25 14:39:12 | INFO     | app.main:lifespan:29 - 🛑 Order Management Service shutting down...
2026-03-25 14:39:13 | INFO     | app.main:lifespan:22 - 🚀 Order Management Service starting up...
2026-03-25 14:39:13 | INFO     | app.database.firebase_config:initialize_firebase:36 - Using Firebase key: C:\Users\rocky\Desktop\Order Management Service\order-service\order-management-service-646ee-firebase-adminsdk-fbsvc-ae60dcf96e.json
2026-03-25 14:39:13 | INFO     | app.database.firebase_config:initialize_firebase:42 - Firestore client created successfully.
2026-03-25 14:39:13 | INFO     | app.main:lifespan:25 - ✅ Firebase initialized
2026-03-25 14:39:14 | INFO     | app.main:lifespan:22 - 🚀 Order Management Service starting up...
2026-03-25 14:39:14 | INFO     | app.database.firebase_config:initialize_firebase:36 - Using Firebase key: C:\Users\rocky\Desktop\Order Management Service\order-service\order-management-service-646ee-firebase-adminsdk-fbsvc-ae60dcf96e.json
2026-03-25 14:39:14 | INFO     | app.database.firebase_config:initialize_firebase:42 - Firestore client created successfully.
2026-03-25 14:39:14 | INFO     | app.main:lifespan:25 - ✅ Firebase initialized
2026-03-25 14:49:21 | ERROR    | app.database.firebase_config:initialize_firebase:36 - Failed to initialize Firebase: Your default credentials were not found. To set up Application Default Credentials, see https://cloud.google.com/docs/authentication/external/set-up-adc for more information.
2026-03-25 14:49:21 | ERROR    | app.utils.logger:log_error:35 - ERROR | context=create_order | error=Firebase initialization failed: Your default credentials were not found. To set up Application Default Credentials, see https://cloud.google.com/docs/authentication/external/set-up-adc for more information.
2026-03-25 15:59:32 | INFO     | app.main:lifespan:29 - 🛑 Order Management Service shutting down...
2026-03-25 15:59:37 | INFO     | app.main:lifespan:22 - 🚀 Order Management Service starting up...
2026-03-25 15:59:37 | INFO     | app.database.firebase_config:initialize_firebase:36 - Using Firebase key: C:\Users\rocky\Desktop\Order Management Service\order-service\order-management-service-646ee-firebase-adminsdk-fbsvc-ae60dcf96e.json
2026-03-25 15:59:37 | INFO     | app.database.firebase_config:initialize_firebase:42 - Firestore client created successfully.
2026-03-25 15:59:37 | INFO     | app.main:lifespan:25 - ✅ Firebase initialized
2026-03-25 16:01:09 | ERROR    | app.database.firebase_config:initialize_firebase:36 - Failed to initialize Firebase: Your default credentials were not found. To set up Application Default Credentials, see https://cloud.google.com/docs/authentication/external/set-up-adc for more information.
2026-03-25 16:01:09 | ERROR    | app.utils.logger:log_error:35 - ERROR | context=create_order | error=Firebase initialization failed: Your default credentials were not found. To set up Application Default Credentials, see https://cloud.google.com/docs/authentication/external/set-up-adc for more information.
2026-03-25 16:02:12 | ERROR    | app.database.firebase_config:initialize_firebase:36 - Failed to initialize Firebase: Your default credentials were not found. To set up Application Default Credentials, see https://cloud.google.com/docs/authentication/external/set-up-adc for more information.
2026-03-25 16:02:12 | ERROR    | app.utils.logger:log_error:35 - ERROR | context=create_order | error=Firebase initialization failed: Your default credentials were not found. To set up Application Default Credentials, see https://cloud.google.com/docs/authentication/external/set-up-adc for more information.
2026-03-25 16:06:31 | INFO     | app.main:lifespan:29 - 🛑 Order Management Service shutting down...
2026-03-25 16:06:34 | INFO     | app.main:lifespan:22 - 🚀 Order Management Service starting up...
2026-03-25 16:06:34 | ERROR    | app.database.firebase_config:initialize_firebase:47 - Failed to initialize Firebase: Firebase key file not found at: C:\Users\rocky\Desktop\Order Management Service\order-service\order-managemen.json
2026-03-25 16:06:34 | ERROR    | app.main:lifespan:27 - ❌ Firebase initialization failed: Firebase initialization failed: Firebase key file not found at: C:\Users\rocky\Desktop\Order Management Service\order-service\order-managemen.json
2026-03-25 16:06:49 | INFO     | app.main:lifespan:29 - 🛑 Order Management Service shutting down...
2026-03-25 16:06:51 | INFO     | app.main:lifespan:22 - 🚀 Order Management Service starting up...
2026-03-25 16:06:51 | INFO     | app.database.firebase_config:initialize_firebase:36 - Using Firebase key: C:\Users\rocky\Desktop\Order Management Service\order-service\order-management-service.json
2026-03-25 16:06:51 | INFO     | app.database.firebase_config:initialize_firebase:42 - Firestore client created successfully.
2026-03-25 16:06:51 | INFO     | app.main:lifespan:25 - ✅ Firebase initialized
2026-03-25 16:09:15 | ERROR    | app.database.firebase_config:initialize_firebase:36 - Failed to initialize Firebase: Your default credentials were not found. To set up Application Default Credentials, see https://cloud.google.com/docs/authentication/external/set-up-adc for more information.
2026-03-25 16:09:15 | ERROR    | app.utils.logger:log_error:35 - ERROR | context=create_order | error=Firebase initialization failed: Your default credentials were not found. To set up Application Default Credentials, see https://cloud.google.com/docs/authentication/external/set-up-adc for more information.
2026-03-25 16:13:30 | INFO     | app.main:lifespan:29 - 🛑 Order Management Service shutting down...
2026-03-25 16:13:30 | INFO     | app.main:lifespan:22 - 🚀 Order Management Service starting up...
2026-03-25 16:13:30 | INFO     | app.database.firebase_config:_resolve_credentials:70 - Firebase: loading credentials from file → C:\Users\rocky\Desktop\Order Management Service\order-service\order-management-service.json
2026-03-25 16:13:30 | INFO     | app.database.firebase_config:initialize_firebase:92 - Firebase Admin SDK initialised successfully.
2026-03-25 16:13:30 | INFO     | app.database.firebase_config:initialize_firebase:97 - Firestore client ready.
2026-03-25 16:13:30 | INFO     | app.main:lifespan:25 - ✅ Firebase initialized
2026-03-25 16:13:59 | ERROR    | app.database.firebase_config:initialize_firebase:36 - Failed to initialize Firebase: Your default credentials were not found. To set up Application Default Credentials, see https://cloud.google.com/docs/authentication/external/set-up-adc for more information.
2026-03-25 16:13:59 | ERROR    | app.utils.logger:log_error:35 - ERROR | context=create_order | error=Firebase initialization failed: Your default credentials were not found. To set up Application Default Credentials, see https://cloud.google.com/docs/authentication/external/set-up-adc for more information.
2026-03-25 16:40:11 | ERROR    | app.database.firebase_config:initialize_firebase:36 - Failed to initialize Firebase: Your default credentials were not found. To set up Application Default Credentials, see https://cloud.google.com/docs/authentication/external/set-up-adc for more information.
2026-03-25 16:40:11 | ERROR    | app.utils.logger:log_error:35 - ERROR | context=create_order | error=Firebase initialization failed: Your default credentials were not found. To set up Application Default Credentials, see https://cloud.google.com/docs/authentication/external/set-up-adc for more information.
2026-03-25 16:40:43 | INFO     | app.main:lifespan:29 - 🛑 Order Management Service shutting down...
2026-03-25 16:40:44 | INFO     | app.main:lifespan:22 - 🚀 Order Management Service starting up...
2026-03-25 16:40:44 | INFO     | app.database.firebase_config:_resolve_credentials:70 - Firebase: loading credentials from file → C:\Users\rocky\Desktop\Order Management Service\order-service\order-management-service.json
2026-03-25 16:40:44 | INFO     | app.database.firebase_config:initialize_firebase:92 - Firebase Admin SDK initialised successfully.
2026-03-25 16:40:44 | INFO     | app.database.firebase_config:initialize_firebase:97 - Firestore client ready.
2026-03-25 16:40:44 | INFO     | app.main:lifespan:25 - ✅ Firebase initialized
2026-03-25 16:40:48 | INFO     | app.main:lifespan:29 - 🛑 Order Management Service shutting down...
2026-03-25 16:40:51 | INFO     | app.main:lifespan:22 - 🚀 Order Management Service starting up...
2026-03-25 16:40:51 | INFO     | app.database.firebase_config:_resolve_credentials:70 - Firebase: loading credentials from file → C:\Users\rocky\Desktop\Order Management Service\order-service\order-management-service.json
2026-03-25 16:40:52 | INFO     | app.database.firebase_config:initialize_firebase:92 - Firebase Admin SDK initialised successfully.
2026-03-25 16:40:52 | INFO     | app.database.firebase_config:initialize_firebase:97 - Firestore client ready.
2026-03-25 16:40:52 | INFO     | app.main:lifespan:25 - ✅ Firebase initialized
2026-03-25 16:41:20 | ERROR    | app.database.firebase_config:initialize_firebase:36 - Failed to initialize Firebase: Your default credentials were not found. To set up Application Default Credentials, see https://cloud.google.com/docs/authentication/external/set-up-adc for more information.
2026-03-25 16:41:20 | ERROR    | app.utils.logger:log_error:35 - ERROR | context=get_all_orders | error=Firebase initialization failed: Your default credentials were not found. To set up Application Default Credentials, see https://cloud.google.com/docs/authentication/external/set-up-adc for more information.
2026-03-25 16:41:32 | ERROR    | app.database.firebase_config:initialize_firebase:36 - Failed to initialize Firebase: Your default credentials were not found. To set up Application Default Credentials, see https://cloud.google.com/docs/authentication/external/set-up-adc for more information.
2026-03-25 16:41:32 | ERROR    | app.utils.logger:log_error:35 - ERROR | context=get_all_orders | error=Firebase initialization failed: Your default credentials were not found. To set up Application Default Credentials, see https://cloud.google.com/docs/authentication/external/set-up-adc for more information.
2026-03-25 16:42:21 | ERROR    | app.database.firebase_config:initialize_firebase:36 - Failed to initialize Firebase: Your default credentials were not found. To set up Application Default Credentials, see https://cloud.google.com/docs/authentication/external/set-up-adc for more information.
2026-03-25 16:42:21 | ERROR    | app.utils.logger:log_error:35 - ERROR | context=create_order | error=Firebase initialization failed: Your default credentials were not found. To set up Application Default Credentials, see https://cloud.google.com/docs/authentication/external/set-up-adc for more information.
2026-03-25 16:44:13 | INFO     | app.main:lifespan:29 - 🛑 Order Management Service shutting down...
2026-03-25 16:44:16 | INFO     | app.main:lifespan:22 - 🚀 Order Management Service starting up...
2026-03-25 16:44:16 | ERROR    | app.main:lifespan:27 - ❌ Firebase initialization failed: Firebase service account key not found at: C:\Users\rocky\Desktop\Order Management Service\order-service\order-management-service.json

Fix one of the following in your .env file:
  • Set FIREBASE_SERVICE_ACCOUNT_KEY to the correct path, e.g.:
      FIREBASE_SERVICE_ACCOUNT_KEY=serviceAccountKey.json
  • Or paste the entire JSON as a single line:
      FIREBASE_CREDENTIALS_JSON={"type":"service_account", ...}
2026-03-25 16:44:32 | INFO     | app.main:lifespan:29 - 🛑 Order Management Service shutting down...
2026-03-25 16:44:35 | INFO     | app.main:lifespan:22 - 🚀 Order Management Service starting up...
2026-03-25 16:44:35 | INFO     | app.database.firebase_config:_resolve_credentials:70 - Firebase: loading credentials from file → C:\Users\rocky\Desktop\Order Management Service\order-service\order-management-service.json
2026-03-25 16:44:35 | INFO     | app.database.firebase_config:initialize_firebase:92 - Firebase Admin SDK initialised successfully.
2026-03-25 16:44:35 | INFO     | app.database.firebase_config:initialize_firebase:97 - Firestore client ready.
2026-03-25 16:44:35 | INFO     | app.main:lifespan:25 - ✅ Firebase initialized
2026-03-25 16:45:00 | ERROR    | app.database.firebase_config:initialize_firebase:36 - Failed to initialize Firebase: Your default credentials were not found. To set up Application Default Credentials, see https://cloud.google.com/docs/authentication/external/set-up-adc for more information.
2026-03-25 16:45:00 | ERROR    | app.utils.logger:log_error:35 - ERROR | context=create_order | error=Firebase initialization failed: Your default credentials were not found. To set up Application Default Credentials, see https://cloud.google.com/docs/authentication/external/set-up-adc for more information.
2026-03-25 16:47:35 | ERROR    | app.database.firebase_config:initialize_firebase:36 - Failed to initialize Firebase: Your default credentials were not found. To set up Application Default Credentials, see https://cloud.google.com/docs/authentication/external/set-up-adc for more information.
2026-03-25 16:47:35 | ERROR    | app.utils.logger:log_error:35 - ERROR | context=create_order | error=Firebase initialization failed: Your default credentials were not found. To set up Application Default Credentials, see https://cloud.google.com/docs/authentication/external/set-up-adc for more information.
2026-03-25 16:49:08 | ERROR    | app.database.firebase_config:initialize_firebase:36 - Failed to initialize Firebase: Your default credentials were not found. To set up Application Default Credentials, see https://cloud.google.com/docs/authentication/external/set-up-adc for more information.
2026-03-25 16:49:08 | ERROR    | app.utils.logger:log_error:35 - ERROR | context=create_order | error=Firebase initialization failed: Your default credentials were not found. To set up Application Default Credentials, see https://cloud.google.com/docs/authentication/external/set-up-adc for more information.
2026-03-25 17:19:43 | INFO     | app.main:lifespan:29 - 🛑 Order Management Service shutting down...
2026-03-25 17:19:47 | INFO     | app.main:lifespan:22 - 🚀 Order Management Service starting up...
2026-03-25 17:19:47 | INFO     | app.database.firebase_config:_resolve_credentials:70 - Firebase: loading credentials from file → C:\Users\rocky\Desktop\Order Management Service\order-service\order-management-service.json
2026-03-25 17:19:47 | INFO     | app.database.firebase_config:initialize_firebase:92 - Firebase Admin SDK initialised successfully.
2026-03-25 17:19:47 | INFO     | app.database.firebase_config:initialize_firebase:97 - Firestore client ready.
2026-03-25 17:19:47 | INFO     | app.main:lifespan:25 - ✅ Firebase initialized
2026-03-25 17:20:13 | ERROR    | app.database.firebase_config:initialize_firebase:36 - Failed to initialize Firebase: Your default credentials were not found. To set up Application Default Credentials, see https://cloud.google.com/docs/authentication/external/set-up-adc for more information.
2026-03-25 17:20:13 | ERROR    | app.utils.logger:log_error:35 - ERROR | context=create_order | error=Firebase initialization failed: Your default credentials were not found. To set up Application Default Credentials, see https://cloud.google.com/docs/authentication/external/set-up-adc for more information.
2026-03-25 17:29:45 | INFO     | app.main:lifespan:29 - 🛑 Order Management Service shutting down...
2026-03-25 17:39:34 | INFO     | app.main:lifespan:22 - 🚀 Order Management Service starting up...
2026-03-25 17:39:34 | DEBUG    | app.database.firebase_config:_resolve_credentials:64 - Firebase: FIREBASE_SERVICE_ACCOUNT_KEY = 'order-management-service.json'
2026-03-25 17:39:34 | DEBUG    | app.database.firebase_config:_resolve_credentials:68 - Firebase: resolved key path = C:\Users\rocky\Desktop\Order Management Service\order-service\order-management-service.json
2026-03-25 17:39:34 | INFO     | app.database.firebase_config:_resolve_credentials:80 - Firebase: loading credentials from file → C:\Users\rocky\Desktop\Order Management Service\order-service\order-management-service.json
2026-03-25 17:39:34 | INFO     | app.database.firebase_config:initialize_firebase:102 - ✅ Firebase Admin SDK initialised successfully.
2026-03-25 17:39:34 | INFO     | app.database.firebase_config:initialize_firebase:107 - ✅ Firestore client ready.
2026-03-25 17:39:34 | INFO     | app.main:lifespan:25 - ✅ Firebase initialized
2026-03-25 17:48:16 | INFO     | app.main:lifespan:22 - 🚀 Order Management Service starting up...
2026-03-25 17:48:16 | DEBUG    | app.database.firebase_config:_resolve_credentials:64 - Firebase: FIREBASE_SERVICE_ACCOUNT_KEY = 'order-management-service.json'
2026-03-25 17:48:16 | DEBUG    | app.database.firebase_config:_resolve_credentials:68 - Firebase: resolved key path = C:\Users\rocky\Desktop\Order Management Service\order-service\order-management-service.json
2026-03-25 17:48:16 | INFO     | app.database.firebase_config:_resolve_credentials:80 - Firebase: loading credentials from file → C:\Users\rocky\Desktop\Order Management Service\order-service\order-management-service.json
2026-03-25 17:48:16 | INFO     | app.database.firebase_config:initialize_firebase:102 - ✅ Firebase Admin SDK initialised successfully.
2026-03-25 17:48:16 | INFO     | app.database.firebase_config:initialize_firebase:107 - ✅ Firestore client ready.
2026-03-25 17:48:16 | INFO     | app.main:lifespan:25 - ✅ Firebase initialized
2026-03-25 17:48:53 | ERROR    | app.database.firebase_config:initialize_firebase:36 - Failed to initialize Firebase: Your default credentials were not found. To set up Application Default Credentials, see https://cloud.google.com/docs/authentication/external/set-up-adc for more information.
2026-03-25 17:48:53 | ERROR    | app.utils.logger:log_error:35 - ERROR | context=create_order | error=Firebase initialization failed: Your default credentials were not found. To set up Application Default Credentials, see https://cloud.google.com/docs/authentication/external/set-up-adc for more information.
2026-03-25 17:50:02 | ERROR    | app.database.firebase_config:initialize_firebase:36 - Failed to initialize Firebase: Your default credentials were not found. To set up Application Default Credentials, see https://cloud.google.com/docs/authentication/external/set-up-adc for more information.
2026-03-25 17:50:02 | ERROR    | app.utils.logger:log_error:35 - ERROR | context=create_order | error=Firebase initialization failed: Your default credentials were not found. To set up Application Default Credentials, see https://cloud.google.com/docs/authentication/external/set-up-adc for more information.
2026-03-25 17:50:23 | ERROR    | app.database.firebase_config:initialize_firebase:36 - Failed to initialize Firebase: Your default credentials were not found. To set up Application Default Credentials, see https://cloud.google.com/docs/authentication/external/set-up-adc for more information.
2026-03-25 17:50:23 | ERROR    | app.utils.logger:log_error:35 - ERROR | context=create_order | error=Firebase initialization failed: Your default credentials were not found. To set up Application Default Credentials, see https://cloud.google.com/docs/authentication/external/set-up-adc for more information.
2026-03-25 18:23:38 | DEBUG    | app.database.firebase_config:_resolve_credentials:64 - Firebase: FIREBASE_SERVICE_ACCOUNT_KEY = 'order-management-service.json'
2026-03-25 18:23:38 | DEBUG    | app.database.firebase_config:_resolve_credentials:68 - Firebase: resolved key path = C:\Users\rocky\Desktop\Order Management Service\order-service\order-management-service.json
2026-03-25 18:23:38 | INFO     | app.database.firebase_config:_resolve_credentials:80 - Firebase: loading credentials from file → C:\Users\rocky\Desktop\Order Management Service\order-service\order-management-service.json
2026-03-25 18:23:38 | INFO     | app.database.firebase_config:initialize_firebase:102 - ✅ Firebase Admin SDK initialised successfully.
2026-03-25 18:23:38 | INFO     | app.database.firebase_config:initialize_firebase:107 - ✅ Firestore client ready.
2026-03-25 18:23:41 | INFO     | app.utils.logger:log_order_action:33 - ORDER ACTION | action=CREATE | order_id=fa21d344-065f-45ef-a150-93fd77d04c26 | restaurant_id=test | total=10.0
2026-03-25 18:25:43 | DEBUG    | app.database.firebase_config:_resolve_credentials:64 - Firebase: FIREBASE_SERVICE_ACCOUNT_KEY = 'order-management-service.json'
2026-03-25 18:25:43 | DEBUG    | app.database.firebase_config:_resolve_credentials:68 - Firebase: resolved key path = C:\Users\rocky\Desktop\Order Management Service\order-service\order-management-service.json
2026-03-25 18:25:43 | INFO     | app.database.firebase_config:_resolve_credentials:83 - Firebase: loading credentials from file → C:\Users\rocky\Desktop\Order Management Service\order-service\order-management-service.json
2026-03-25 18:25:43 | INFO     | app.database.firebase_config:initialize_firebase:105 - ✅ Firebase Admin SDK initialised successfully.
2026-03-25 18:25:43 | INFO     | app.database.firebase_config:initialize_firebase:110 - ✅ Firestore client ready.
2026-03-25 18:25:44 | INFO     | app.utils.logger:log_order_action:33 - ORDER ACTION | action=CREATE | order_id=45659cda-5ec3-46ec-b8ca-0df6e8d5a688 | restaurant_id=test2 | total=40.0
2026-03-25 18:29:05 | ERROR    | app.database.firebase_config:initialize_firebase:36 - Failed to initialize Firebase: Your default credentials were not found. To set up Application Default Credentials, see https://cloud.google.com/docs/authentication/external/set-up-adc for more information.
2026-03-25 18:29:05 | ERROR    | app.utils.logger:log_error:35 - ERROR | context=create_order | error=Firebase initialization failed: Your default credentials were not found. To set up Application Default Credentials, see https://cloud.google.com/docs/authentication/external/set-up-adc for more information.
2026-03-25 18:29:37 | ERROR    | app.database.firebase_config:initialize_firebase:36 - Failed to initialize Firebase: Your default credentials were not found. To set up Application Default Credentials, see https://cloud.google.com/docs/authentication/external/set-up-adc for more information.
2026-03-25 18:29:37 | ERROR    | app.utils.logger:log_error:35 - ERROR | context=get_all_orders | error=Firebase initialization failed: Your default credentials were not found. To set up Application Default Credentials, see https://cloud.google.com/docs/authentication/external/set-up-adc for more information.
2026-03-25 18:29:48 | ERROR    | app.database.firebase_config:initialize_firebase:36 - Failed to initialize Firebase: Your default credentials were not found. To set up Application Default Credentials, see https://cloud.google.com/docs/authentication/external/set-up-adc for more information.
2026-03-25 18:29:48 | ERROR    | app.utils.logger:log_error:35 - ERROR | context=get_all_orders | error=Firebase initialization failed: Your default credentials were not found. To set up Application Default Credentials, see https://cloud.google.com/docs/authentication/external/set-up-adc for more information.
2026-03-25 18:30:10 | ERROR    | app.database.firebase_config:initialize_firebase:36 - Failed to initialize Firebase: Your default credentials were not found. To set up Application Default Credentials, see https://cloud.google.com/docs/authentication/external/set-up-adc for more information.
2026-03-25 18:30:10 | ERROR    | app.utils.logger:log_error:35 - ERROR | context=create_order | error=Firebase initialization failed: Your default credentials were not found. To set up Application Default Credentials, see https://cloud.google.com/docs/authentication/external/set-up-adc for more information.
2026-03-25 18:30:44 | ERROR    | app.database.firebase_config:initialize_firebase:36 - Failed to initialize Firebase: Your default credentials were not found. To set up Application Default Credentials, see https://cloud.google.com/docs/authentication/external/set-up-adc for more information.
2026-03-25 18:30:44 | ERROR    | app.utils.logger:log_error:35 - ERROR | context=create_order | error=Firebase initialization failed: Your default credentials were not found. To set up Application Default Credentials, see https://cloud.google.com/docs/authentication/external/set-up-adc for more information.
2026-03-25 18:39:12 | INFO     | app.main:lifespan:29 - 🛑 Order Management Service shutting down...
2026-03-25 18:39:13 | INFO     | app.main:lifespan:22 - 🚀 Order Management Service starting up...
2026-03-25 18:39:13 | DEBUG    | app.database.firebase_config:_resolve_credentials:64 - Firebase: FIREBASE_SERVICE_ACCOUNT_KEY = 'order-management-service.json'
2026-03-25 18:39:13 | DEBUG    | app.database.firebase_config:_resolve_credentials:68 - Firebase: resolved key path = C:\Users\rocky\Desktop\Order Management Service\order-service\order-management-service.json
2026-03-25 18:39:13 | INFO     | app.database.firebase_config:_resolve_credentials:83 - Firebase: loading credentials from file → C:\Users\rocky\Desktop\Order Management Service\order-service\order-management-service.json
2026-03-25 18:39:13 | INFO     | app.database.firebase_config:initialize_firebase:105 - ✅ Firebase Admin SDK initialised successfully.
2026-03-25 18:39:13 | INFO     | app.database.firebase_config:initialize_firebase:110 - ✅ Firestore client ready.
2026-03-25 18:39:13 | INFO     | app.main:lifespan:25 - ✅ Firebase initialized
2026-03-25 18:48:30 | INFO     | app.main:lifespan:22 - 🚀 Order Management Service starting up...
2026-03-25 18:48:30 | DEBUG    | app.database.firebase_config:_resolve_credentials:64 - Firebase: FIREBASE_SERVICE_ACCOUNT_KEY = 'order-management-service.json'
2026-03-25 18:48:30 | DEBUG    | app.database.firebase_config:_resolve_credentials:68 - Firebase: resolved key path = C:\Users\rocky\Desktop\Order Management Service\order-service\order-management-service.json
2026-03-25 18:48:30 | INFO     | app.database.firebase_config:_resolve_credentials:83 - Firebase: loading credentials from file → C:\Users\rocky\Desktop\Order Management Service\order-service\order-management-service.json
2026-03-25 18:48:30 | INFO     | app.database.firebase_config:initialize_firebase:105 - ✅ Firebase Admin SDK initialised successfully.
2026-03-25 18:48:30 | INFO     | app.database.firebase_config:initialize_firebase:110 - ✅ Firestore client ready.
2026-03-25 18:48:30 | INFO     | app.main:lifespan:25 - ✅ Firebase initialized
2026-03-25 18:48:47 | INFO     | app.utils.logger:log_order_action:33 - ORDER ACTION | action=CREATE | order_id=d85688b0-9248-4391-af93-1b0549392d3a | restaurant_id=ufgyuj | total=654.0
2026-03-25 18:58:37 | INFO     | app.utils.logger:log_order_action:33 - ORDER ACTION | action=STATUS_UPDATE | order_id=d85688b0-9248-4391-af93-1b0549392d3a | from=Pending | to=Approved
2026-03-25 18:58:51 | INFO     | app.utils.logger:log_order_action:33 - ORDER ACTION | action=STATUS_UPDATE | order_id=d85688b0-9248-4391-af93-1b0549392d3a | from=Approved | to=Dispatched
2026-03-27 08:36:30 | INFO     | app.main:lifespan:22 - 🚀 Order Management Service starting up...
2026-03-27 08:36:30 | DEBUG    | app.database.firebase_config:_resolve_credentials:64 - Firebase: FIREBASE_SERVICE_ACCOUNT_KEY = 'order-management-service.json'
2026-03-27 08:36:30 | DEBUG    | app.database.firebase_config:_resolve_credentials:68 - Firebase: resolved key path = C:\Users\rocky\Desktop\Order Management Service\order-service\order-management-service.json
2026-03-27 08:36:30 | INFO     | app.database.firebase_config:_resolve_credentials:83 - Firebase: loading credentials from file → C:\Users\rocky\Desktop\Order Management Service\order-service\order-management-service.json
2026-03-27 08:36:30 | INFO     | app.database.firebase_config:initialize_firebase:105 - ✅ Firebase Admin SDK initialised successfully.
2026-03-27 08:36:30 | INFO     | app.database.firebase_config:initialize_firebase:110 - ✅ Firestore client ready.
2026-03-27 08:36:30 | INFO     | app.main:lifespan:25 - ✅ Firebase initialized
2026-03-28 11:26:56 | INFO     | app.main:lifespan:22 - 🚀 Order Management Service starting up...
2026-03-28 11:26:56 | DEBUG    | app.database.firebase_config:_resolve_credentials:64 - Firebase: FIREBASE_SERVICE_ACCOUNT_KEY = 'order-management-service.json'
2026-03-28 11:26:56 | DEBUG    | app.database.firebase_config:_resolve_credentials:68 - Firebase: resolved key path = C:\Users\rocky\Desktop\Order Management Service\order-service\order-management-service.json
2026-03-28 11:26:56 | INFO     | app.database.firebase_config:_resolve_credentials:83 - Firebase: loading credentials from file → C:\Users\rocky\Desktop\Order Management Service\order-service\order-management-service.json
2026-03-28 11:26:56 | INFO     | app.database.firebase_config:initialize_firebase:105 - ✅ Firebase Admin SDK initialised successfully.
2026-03-28 11:26:56 | INFO     | app.database.firebase_config:initialize_firebase:110 - ✅ Firestore client ready.
2026-03-28 11:26:56 | INFO     | app.main:lifespan:25 - ✅ Firebase initialized
2026-03-28 12:28:16 | INFO     | app.utils.logger:log_order_action:33 - ORDER ACTION | action=DELETE | order_id=45659cda-5ec3-46ec-b8ca-0df6e8d5a688 | status_at_delete=Pending
2026-03-28 12:44:54 | INFO     | app.utils.logger:log_order_action:33 - ORDER ACTION | action=CREATE | order_id=c18feca0-ebde-4cb4-8ae2-6fe030489f06 | restaurant_id=Rest-01 | total=450.0
2026-03-28 12:45:11 | INFO     | app.utils.logger:log_order_action:33 - ORDER ACTION | action=STATUS_UPDATE | order_id=c18feca0-ebde-4cb4-8ae2-6fe030489f06 | from=Pending | to=Approved
2026-03-28 12:46:04 | INFO     | app.utils.logger:log_order_action:33 - ORDER ACTION | action=STATUS_UPDATE | order_id=c18feca0-ebde-4cb4-8ae2-6fe030489f06 | from=Approved | to=Dispatched
2026-03-28 12:46:10 | INFO     | app.utils.logger:log_order_action:33 - ORDER ACTION | action=STATUS_UPDATE | order_id=c18feca0-ebde-4cb4-8ae2-6fe030489f06 | from=Dispatched | to=Delivered
2026-03-28 12:50:18 | INFO     | app.utils.logger:log_order_action:33 - ORDER ACTION | action=CREATE | order_id=819903d2-f130-4212-9ddf-f89713deaca7 | restaurant_id=REST-01 | total=109750.0
2026-03-28 12:50:24 | INFO     | app.utils.logger:log_order_action:33 - ORDER ACTION | action=STATUS_UPDATE | order_id=819903d2-f130-4212-9ddf-f89713deaca7 | from=Pending | to=Approved
2026-03-28 12:51:29 | INFO     | app.utils.logger:log_order_action:33 - ORDER ACTION | action=DELETE | order_id=fa21d344-065f-45ef-a150-93fd77d04c26 | status_at_delete=Pending
2026-03-28 12:51:42 | INFO     | app.utils.logger:log_order_action:33 - ORDER ACTION | action=STATUS_UPDATE | order_id=819903d2-f130-4212-9ddf-f89713deaca7 | from=Approved | to=Dispatched
2026-03-28 12:51:48 | INFO     | app.utils.logger:log_order_action:33 - ORDER ACTION | action=STATUS_UPDATE | order_id=819903d2-f130-4212-9ddf-f89713deaca7 | from=Dispatched | to=Delivered
2026-03-28 12:52:55 | INFO     | app.utils.logger:log_order_action:33 - ORDER ACTION | action=CREATE | order_id=705f1268-cc97-4123-9e5d-bfb68bd4bca5 | restaurant_id=Rest-01 | total=42000.0
2026-03-28 12:53:00 | INFO     | app.utils.logger:log_order_action:33 - ORDER ACTION | action=STATUS_UPDATE | order_id=705f1268-cc97-4123-9e5d-bfb68bd4bca5 | from=Pending | to=Approved
2026-03-28 12:55:35 | INFO     | app.utils.logger:log_order_action:33 - ORDER ACTION | action=CREATE | order_id=ddb25c61-8007-424c-a9ee-6ce7f39ecbcf | restaurant_id=REST-01 | total=90000.0
2026-03-28 12:55:40 | INFO     | app.utils.logger:log_order_action:33 - ORDER ACTION | action=STATUS_UPDATE | order_id=ddb25c61-8007-424c-a9ee-6ce7f39ecbcf | from=Pending | to=Approved
2026-03-28 12:55:57 | INFO     | app.utils.logger:log_order_action:33 - ORDER ACTION | action=STATUS_UPDATE | order_id=705f1268-cc97-4123-9e5d-bfb68bd4bca5 | from=Approved | to=Dispatched
2026-03-28 13:18:34 | INFO     | app.utils.logger:log_order_action:33 - ORDER ACTION | action=CREATE | order_id=b3e4a060-8558-4ff7-bcb5-5ac0732bd7ce | restaurant_id=Rest-02 | total=40000.0
2026-03-28 13:37:44 | INFO     | app.utils.logger:log_order_action:33 - ORDER ACTION | action=DELETE | order_id=b3e4a060-8558-4ff7-bcb5-5ac0732bd7ce | status_at_delete=Pending
2026-03-30 23:24:50 | INFO     | app.main:lifespan:22 - 🚀 Order Management Service starting up...
2026-03-30 23:24:50 | DEBUG    | app.database.firebase_config:_resolve_credentials:64 - Firebase: FIREBASE_SERVICE_ACCOUNT_KEY = 'order-management-service.json'
2026-03-30 23:24:50 | DEBUG    | app.database.firebase_config:_resolve_credentials:68 - Firebase: resolved key path = D:\MTIT Assignment 2 merged\Group-Number-148---MTIT-Assignment-2\Supplier & Inventory B Merged (1)\MTIT Assignment 2 merged\order-service\order-management-service.json
2026-03-30 23:24:50 | INFO     | app.database.firebase_config:_resolve_credentials:83 - Firebase: loading credentials from file → D:\MTIT Assignment 2 merged\Group-Number-148---MTIT-Assignment-2\Supplier & Inventory B Merged (1)\MTIT Assignment 2 merged\order-service\order-management-service.json
2026-03-30 23:24:50 | INFO     | app.database.firebase_config:initialize_firebase:105 - ✅ Firebase Admin SDK initialised successfully.
2026-03-30 23:24:50 | INFO     | app.database.firebase_config:initialize_firebase:110 - ✅ Firestore client ready.
2026-03-30 23:24:50 | INFO     | app.main:lifespan:25 - ✅ Firebase initialized
2026-03-30 23:27:17 | ERROR    | app.utils.logger:log_error:39 - ERROR | context=create_order | error=Timeout of 60.0s exceeded, last exception: 503 Getting metadata from plugin failed with error: ('invalid_grant: Invalid JWT Signature.', {'error': 'invalid_grant', 'error_description': 'Invalid JWT Signature.'})
2026-03-30 23:35:33 | ERROR    | app.utils.logger:log_error:39 - ERROR | context=create_order | error=Timeout of 60.0s exceeded, last exception: 503 Getting metadata from plugin failed with error: ('invalid_grant: Invalid JWT Signature.', {'error': 'invalid_grant', 'error_description': 'Invalid JWT Signature.'})
2026-03-30 23:37:44 | ERROR    | app.utils.logger:log_error:39 - ERROR | context=create_order | error=Timeout of 60.0s exceeded, last exception: 503 Getting metadata from plugin failed with error: ('invalid_grant: Invalid JWT Signature.', {'error': 'invalid_grant', 'error_description': 'Invalid JWT Signature.'})
2026-03-31 07:44:37 | INFO     | app.main:lifespan:22 - 🚀 Order Management Service starting up...
2026-03-31 07:44:37 | DEBUG    | app.database.firebase_config:_resolve_credentials:64 - Firebase: FIREBASE_SERVICE_ACCOUNT_KEY = 'hotel-supply-system1-firebase-adminsdk-fbsvc-bc8b74ef85.json'
2026-03-31 07:44:37 | DEBUG    | app.database.firebase_config:_resolve_credentials:68 - Firebase: resolved key path = D:\MTIT Assignment 2 merged\Group-Number-148---MTIT-Assignment-2\Supplier & Inventory B Merged (1)\MTIT Assignment 2 merged\order-service\hotel-supply-system1-firebase-adminsdk-fbsvc-bc8b74ef85.json
2026-03-31 07:44:37 | INFO     | app.database.firebase_config:_resolve_credentials:83 - Firebase: loading credentials from file → D:\MTIT Assignment 2 merged\Group-Number-148---MTIT-Assignment-2\Supplier & Inventory B Merged (1)\MTIT Assignment 2 merged\order-service\hotel-supply-system1-firebase-adminsdk-fbsvc-bc8b74ef85.json
2026-03-31 07:44:37 | INFO     | app.database.firebase_config:initialize_firebase:105 - ✅ Firebase Admin SDK initialised successfully.
2026-03-31 07:44:37 | INFO     | app.database.firebase_config:initialize_firebase:110 - ✅ Firestore client ready.
2026-03-31 07:44:37 | INFO     | app.main:lifespan:25 - ✅ Firebase initialized
2026-03-31 07:46:36 | ERROR    | app.utils.logger:log_error:39 - ERROR | context=create_order | error=Timeout of 60.0s exceeded, last exception: 503 Getting metadata from plugin failed with error: ('invalid_grant: Invalid JWT Signature.', {'error': 'invalid_grant', 'error_description': 'Invalid JWT Signature.'})
2026-03-31 07:50:31 | ERROR    | app.utils.logger:log_error:39 - ERROR | context=create_order | error=Timeout of 60.0s exceeded, last exception: 503 Getting metadata from plugin failed with error: ('invalid_grant: Invalid JWT Signature.', {'error': 'invalid_grant', 'error_description': 'Invalid JWT Signature.'})
2026-03-31 10:01:35 | INFO     | app.main:lifespan:22 - 🚀 Order Management Service starting up...
2026-03-31 10:01:35 | DEBUG    | app.database.firebase_config:_resolve_credentials:64 - Firebase: FIREBASE_SERVICE_ACCOUNT_KEY = 'hotel-supply-system1-firebase-adminsdk-fbsvc-bc8b74ef85.json'
2026-03-31 10:01:35 | DEBUG    | app.database.firebase_config:_resolve_credentials:68 - Firebase: resolved key path = D:\MTIT Assignment 2 merged\Group-Number-148---MTIT-Assignment-2\Supplier & Inventory B Merged (1)\MTIT Assignment 2 merged\order-service\hotel-supply-system1-firebase-adminsdk-fbsvc-bc8b74ef85.json
2026-03-31 10:01:35 | INFO     | app.database.firebase_config:_resolve_credentials:83 - Firebase: loading credentials from file → D:\MTIT Assignment 2 merged\Group-Number-148---MTIT-Assignment-2\Supplier & Inventory B Merged (1)\MTIT Assignment 2 merged\order-service\hotel-supply-system1-firebase-adminsdk-fbsvc-bc8b74ef85.json
2026-03-31 10:01:35 | INFO     | app.database.firebase_config:initialize_firebase:105 - ✅ Firebase Admin SDK initialised successfully.
2026-03-31 10:01:35 | INFO     | app.database.firebase_config:initialize_firebase:110 - ✅ Firestore client ready.
2026-03-31 10:01:35 | INFO     | app.main:lifespan:25 - ✅ Firebase initialized
2026-03-31 10:03:07 | ERROR    | app.utils.logger:log_error:39 - ERROR | context=create_order | error=Timeout of 60.0s exceeded, last exception: 503 Getting metadata from plugin failed with error: ('invalid_grant: Invalid JWT Signature.', {'error': 'invalid_grant', 'error_description': 'Invalid JWT Signature.'})
2026-03-31 10:33:50 | INFO     | app.main:lifespan:22 - 🚀 Order Management Service starting up...
2026-03-31 10:33:50 | DEBUG    | app.database.firebase_config:_resolve_credentials:64 - Firebase: FIREBASE_SERVICE_ACCOUNT_KEY = 'hotel-supply-system1-firebase-adminsdk-fbsvc-bc8b74ef85.json'
2026-03-31 10:33:50 | DEBUG    | app.database.firebase_config:_resolve_credentials:68 - Firebase: resolved key path = D:\MTIT Assignment 2 merged\Group-Number-148---MTIT-Assignment-2\Supplier & Inventory B Merged (1)\MTIT Assignment 2 merged\order-service\hotel-supply-system1-firebase-adminsdk-fbsvc-bc8b74ef85.json
2026-03-31 10:33:50 | INFO     | app.database.firebase_config:_resolve_credentials:84 - Firebase: loading credentials from file → D:\MTIT Assignment 2 merged\Group-Number-148---MTIT-Assignment-2\Supplier & Inventory B Merged (1)\MTIT Assignment 2 merged\order-service\hotel-supply-system1-firebase-adminsdk-fbsvc-bc8b74ef85.json
2026-03-31 10:33:50 | INFO     | app.database.firebase_config:initialize_firebase:106 - ✅ Firebase Admin SDK initialised successfully.
2026-03-31 10:33:50 | INFO     | app.database.firebase_config:initialize_firebase:112 - ✅ Firestore client ready.
2026-03-31 10:33:50 | INFO     | app.main:lifespan:25 - ✅ Firebase initialized
2026-03-31 10:36:23 | INFO     | app.main:lifespan:29 - 🛑 Order Management Service shutting down...
2026-03-31 10:36:24 | INFO     | app.main:lifespan:22 - 🚀 Order Management Service starting up...
2026-03-31 10:36:24 | DEBUG    | app.database.firebase_config:_resolve_credentials:64 - Firebase: FIREBASE_SERVICE_ACCOUNT_KEY = 'hotel-supply-system1-firebase-adminsdk-fbsvc-bc8b74ef85.json'
2026-03-31 10:36:24 | DEBUG    | app.database.firebase_config:_resolve_credentials:68 - Firebase: resolved key path = D:\MTIT Assignment 2 merged\Group-Number-148---MTIT-Assignment-2\Supplier & Inventory B Merged (1)\MTIT Assignment 2 merged\order-service\hotel-supply-system1-firebase-adminsdk-fbsvc-bc8b74ef85.json
2026-03-31 10:36:24 | INFO     | app.database.firebase_config:_resolve_credentials:84 - Firebase: loading credentials from file → D:\MTIT Assignment 2 merged\Group-Number-148---MTIT-Assignment-2\Supplier & Inventory B Merged (1)\MTIT Assignment 2 merged\order-service\hotel-supply-system1-firebase-adminsdk-fbsvc-bc8b74ef85.json
2026-03-31 10:36:24 | INFO     | app.database.firebase_config:initialize_firebase:106 - ✅ Firebase Admin SDK initialised successfully.
2026-03-31 10:36:24 | INFO     | app.database.firebase_config:initialize_firebase:112 - ✅ Firestore client ready.
2026-03-31 10:36:24 | INFO     | app.main:lifespan:25 - ✅ Firebase initialized
2026-03-31 10:36:26 | INFO     | app.main:lifespan:22 - 🚀 Order Management Service starting up...
2026-03-31 10:36:26 | DEBUG    | app.database.firebase_config:_resolve_credentials:64 - Firebase: FIREBASE_SERVICE_ACCOUNT_KEY = 'hotel-supply-system1-firebase-adminsdk-fbsvc-bc8b74ef85.json'
2026-03-31 10:36:26 | DEBUG    | app.database.firebase_config:_resolve_credentials:68 - Firebase: resolved key path = D:\MTIT Assignment 2 merged\Group-Number-148---MTIT-Assignment-2\Supplier & Inventory B Merged (1)\MTIT Assignment 2 merged\order-service\hotel-supply-system1-firebase-adminsdk-fbsvc-bc8b74ef85.json
2026-03-31 10:36:26 | INFO     | app.database.firebase_config:_resolve_credentials:84 - Firebase: loading credentials from file → D:\MTIT Assignment 2 merged\Group-Number-148---MTIT-Assignment-2\Supplier & Inventory B Merged (1)\MTIT Assignment 2 merged\order-service\hotel-supply-system1-firebase-adminsdk-fbsvc-bc8b74ef85.json
2026-03-31 10:36:26 | INFO     | app.database.firebase_config:initialize_firebase:106 - ✅ Firebase Admin SDK initialised successfully.
2026-03-31 10:36:26 | INFO     | app.database.firebase_config:initialize_firebase:112 - ✅ Firestore client ready.
2026-03-31 10:36:26 | INFO     | app.main:lifespan:25 - ✅ Firebase initialized
2026-03-31 10:57:59 | INFO     | app.main:lifespan:22 - 🚀 Order Management Service starting up...
2026-03-31 10:57:59 | DEBUG    | app.database.firebase_config:_resolve_credentials:64 - Firebase: FIREBASE_SERVICE_ACCOUNT_KEY = 'hotel-supply-system1-firebase-adminsdk-fbsvc-bc8b74ef85.json'
2026-03-31 10:57:59 | DEBUG    | app.database.firebase_config:_resolve_credentials:68 - Firebase: resolved key path = D:\MTIT Assignment 2 merged\Group-Number-148---MTIT-Assignment-2\Supplier & Inventory B Merged (1)\MTIT Assignment 2 merged\order-service\hotel-supply-system1-firebase-adminsdk-fbsvc-bc8b74ef85.json
2026-03-31 10:57:59 | INFO     | app.database.firebase_config:_resolve_credentials:84 - Firebase: loading credentials from file → D:\MTIT Assignment 2 merged\Group-Number-148---MTIT-Assignment-2\Supplier & Inventory B Merged (1)\MTIT Assignment 2 merged\order-service\hotel-supply-system1-firebase-adminsdk-fbsvc-bc8b74ef85.json
2026-03-31 10:57:59 | INFO     | app.database.firebase_config:initialize_firebase:106 - ✅ Firebase Admin SDK initialised successfully.
2026-03-31 10:57:59 | INFO     | app.database.firebase_config:initialize_firebase:112 - ✅ Firestore client ready.
2026-03-31 10:57:59 | INFO     | app.main:lifespan:25 - ✅ Firebase initialized
2026-03-31 10:57:59 | INFO     | app.main:lifespan:29 - 🛑 Order Management Service shutting down...
2026-03-31 10:58:19 | INFO     | app.main:lifespan:22 - 🚀 Order Management Service starting up...
2026-03-31 10:58:19 | DEBUG    | app.database.firebase_config:_resolve_credentials:64 - Firebase: FIREBASE_SERVICE_ACCOUNT_KEY = 'hotel-supply-system1-firebase-adminsdk-fbsvc-bc8b74ef85.json'
2026-03-31 10:58:19 | DEBUG    | app.database.firebase_config:_resolve_credentials:68 - Firebase: resolved key path = D:\MTIT Assignment 2 merged\Group-Number-148---MTIT-Assignment-2\Supplier & Inventory B Merged (1)\MTIT Assignment 2 merged\order-service\hotel-supply-system1-firebase-adminsdk-fbsvc-bc8b74ef85.json
2026-03-31 10:58:19 | INFO     | app.database.firebase_config:_resolve_credentials:84 - Firebase: loading credentials from file → D:\MTIT Assignment 2 merged\Group-Number-148---MTIT-Assignment-2\Supplier & Inventory B Merged (1)\MTIT Assignment 2 merged\order-service\hotel-supply-system1-firebase-adminsdk-fbsvc-bc8b74ef85.json
2026-03-31 10:58:19 | INFO     | app.database.firebase_config:initialize_firebase:106 - ✅ Firebase Admin SDK initialised successfully.
2026-03-31 10:58:19 | INFO     | app.database.firebase_config:initialize_firebase:112 - ✅ Firestore client ready.
2026-03-31 10:58:19 | INFO     | app.main:lifespan:25 - ✅ Firebase initialized
2026-03-31 10:59:43 | ERROR    | app.utils.logger:log_error:39 - ERROR | context=create_order | error=Timeout of 60.0s exceeded, last exception: 503 Getting metadata from plugin failed with error: ('invalid_grant: Invalid JWT Signature.', {'error': 'invalid_grant', 'error_description': 'Invalid JWT Signature.'})
2026-03-31 11:00:25 | INFO     | app.main:lifespan:29 - 🛑 Order Management Service shutting down...
2026-03-31 11:00:26 | INFO     | app.main:lifespan:22 - 🚀 Order Management Service starting up...
2026-03-31 11:00:26 | DEBUG    | app.database.firebase_config:_resolve_credentials:64 - Firebase: FIREBASE_SERVICE_ACCOUNT_KEY = 'hotel-supply-system1-firebase-adminsdk-fbsvc-bc8b74ef85.json'
2026-03-31 11:00:26 | DEBUG    | app.database.firebase_config:_resolve_credentials:68 - Firebase: resolved key path = D:\MTIT Assignment 2 merged\Group-Number-148---MTIT-Assignment-2\Supplier & Inventory B Merged (1)\MTIT Assignment 2 merged\order-service\hotel-supply-system1-firebase-adminsdk-fbsvc-bc8b74ef85.json
2026-03-31 11:00:26 | INFO     | app.database.firebase_config:_resolve_credentials:84 - Firebase: loading credentials from file → D:\MTIT Assignment 2 merged\Group-Number-148---MTIT-Assignment-2\Supplier & Inventory B Merged (1)\MTIT Assignment 2 merged\order-service\hotel-supply-system1-firebase-adminsdk-fbsvc-bc8b74ef85.json
2026-03-31 11:00:26 | INFO     | app.database.firebase_config:initialize_firebase:115 - ✅ Firebase Admin SDK initialised successfully.
2026-03-31 11:00:26 | INFO     | app.database.firebase_config:initialize_firebase:121 - ✅ Firestore client ready.
2026-03-31 11:00:26 | INFO     | app.main:lifespan:25 - ✅ Firebase initialized
2026-03-31 11:00:27 | INFO     | app.main:lifespan:22 - 🚀 Order Management Service starting up...
2026-03-31 11:00:27 | DEBUG    | app.database.firebase_config:_resolve_credentials:64 - Firebase: FIREBASE_SERVICE_ACCOUNT_KEY = 'hotel-supply-system1-firebase-adminsdk-fbsvc-bc8b74ef85.json'
2026-03-31 11:00:27 | DEBUG    | app.database.firebase_config:_resolve_credentials:68 - Firebase: resolved key path = D:\MTIT Assignment 2 merged\Group-Number-148---MTIT-Assignment-2\Supplier & Inventory B Merged (1)\MTIT Assignment 2 merged\order-service\hotel-supply-system1-firebase-adminsdk-fbsvc-bc8b74ef85.json
2026-03-31 11:00:27 | INFO     | app.database.firebase_config:_resolve_credentials:84 - Firebase: loading credentials from file → D:\MTIT Assignment 2 merged\Group-Number-148---MTIT-Assignment-2\Supplier & Inventory B Merged (1)\MTIT Assignment 2 merged\order-service\hotel-supply-system1-firebase-adminsdk-fbsvc-bc8b74ef85.json
2026-03-31 11:00:27 | INFO     | app.database.firebase_config:initialize_firebase:115 - ✅ Firebase Admin SDK initialised successfully.
2026-03-31 11:00:27 | INFO     | app.database.firebase_config:initialize_firebase:121 - ✅ Firestore client ready.
2026-03-31 11:00:27 | INFO     | app.main:lifespan:25 - ✅ Firebase initialized
2026-03-31 11:03:02 | INFO     | app.main:lifespan:29 - 🛑 Order Management Service shutting down...
2026-03-31 11:03:06 | INFO     | app.main:lifespan:29 - 🛑 Order Management Service shutting down...
2026-03-31 11:03:07 | INFO     | app.main:lifespan:22 - 🚀 Order Management Service starting up...
2026-03-31 11:03:07 | DEBUG    | app.database.firebase_config:_resolve_credentials:64 - Firebase: FIREBASE_SERVICE_ACCOUNT_KEY = 'hotel-supply-system1-firebase-adminsdk-fbsvc-bc8b74ef85.json'
2026-03-31 11:03:07 | DEBUG    | app.database.firebase_config:_resolve_credentials:68 - Firebase: resolved key path = D:\MTIT Assignment 2 merged\Group-Number-148---MTIT-Assignment-2\Supplier & Inventory B Merged (1)\MTIT Assignment 2 merged\order-service\hotel-supply-system1-firebase-adminsdk-fbsvc-bc8b74ef85.json
2026-03-31 11:03:07 | INFO     | app.database.firebase_config:_resolve_credentials:84 - Firebase: loading credentials from file → D:\MTIT Assignment 2 merged\Group-Number-148---MTIT-Assignment-2\Supplier & Inventory B Merged (1)\MTIT Assignment 2 merged\order-service\hotel-supply-system1-firebase-adminsdk-fbsvc-bc8b74ef85.json
2026-03-31 11:03:07 | INFO     | app.database.firebase_config:initialize_firebase:115 - ✅ Firebase Admin SDK initialised successfully.
2026-03-31 11:03:07 | INFO     | app.database.firebase_config:initialize_firebase:121 - ✅ Firestore client ready.
2026-03-31 11:03:07 | INFO     | app.main:lifespan:25 - ✅ Firebase initialized
2026-03-31 11:03:08 | INFO     | app.main:lifespan:22 - 🚀 Order Management Service starting up...
2026-03-31 11:03:08 | DEBUG    | app.database.firebase_config:_resolve_credentials:64 - Firebase: FIREBASE_SERVICE_ACCOUNT_KEY = 'hotel-supply-system1-firebase-adminsdk-fbsvc-bc8b74ef85.json'
2026-03-31 11:03:08 | DEBUG    | app.database.firebase_config:_resolve_credentials:68 - Firebase: resolved key path = D:\MTIT Assignment 2 merged\Group-Number-148---MTIT-Assignment-2\Supplier & Inventory B Merged (1)\MTIT Assignment 2 merged\order-service\hotel-supply-system1-firebase-adminsdk-fbsvc-bc8b74ef85.json
2026-03-31 11:03:08 | INFO     | app.database.firebase_config:_resolve_credentials:84 - Firebase: loading credentials from file → D:\MTIT Assignment 2 merged\Group-Number-148---MTIT-Assignment-2\Supplier & Inventory B Merged (1)\MTIT Assignment 2 merged\order-service\hotel-supply-system1-firebase-adminsdk-fbsvc-bc8b74ef85.json
2026-03-31 11:03:09 | INFO     | app.database.firebase_config:initialize_firebase:115 - ✅ Firebase Admin SDK initialised successfully.
2026-03-31 11:03:09 | INFO     | app.database.firebase_config:initialize_firebase:121 - ✅ Firestore client ready.
2026-03-31 11:03:09 | INFO     | app.main:lifespan:25 - ✅ Firebase initialized
2026-03-31 11:03:16 | INFO     | app.main:lifespan:22 - 🚀 Order Management Service starting up...
2026-03-31 11:03:16 | DEBUG    | app.database.firebase_config:_resolve_credentials:64 - Firebase: FIREBASE_SERVICE_ACCOUNT_KEY = 'hotel-supply-system1-firebase-adminsdk-fbsvc-bc8b74ef85.json'
2026-03-31 11:03:16 | DEBUG    | app.database.firebase_config:_resolve_credentials:68 - Firebase: resolved key path = D:\MTIT Assignment 2 merged\Group-Number-148---MTIT-Assignment-2\Supplier & Inventory B Merged (1)\MTIT Assignment 2 merged\order-service\hotel-supply-system1-firebase-adminsdk-fbsvc-bc8b74ef85.json
2026-03-31 11:03:16 | INFO     | app.database.firebase_config:_resolve_credentials:84 - Firebase: loading credentials from file → D:\MTIT Assignment 2 merged\Group-Number-148---MTIT-Assignment-2\Supplier & Inventory B Merged (1)\MTIT Assignment 2 merged\order-service\hotel-supply-system1-firebase-adminsdk-fbsvc-bc8b74ef85.json
2026-03-31 11:03:16 | INFO     | app.database.firebase_config:initialize_firebase:115 - ✅ Firebase Admin SDK initialised successfully.
2026-03-31 11:03:16 | INFO     | app.database.firebase_config:initialize_firebase:121 - ✅ Firestore client ready.
2026-03-31 11:03:16 | INFO     | app.main:lifespan:25 - ✅ Firebase initialized
